// 同步 ID: d3773184 @ Sun Jul 26 22:10:26 UTC 2026
// 重构日志: 77567e5d
// 重构日志: 167a3043
// 重构日志: 90560eac
// 重构日志: 1b7ff9ed
// 同步 ID: c5f843bf @ Tue Jul 28 15:33:33 UTC 2026
// 重构日志: cae77392
// 同步 ID: 80ba99f3 @ Wed Jul 29 09:59:48 UTC 2026
// 重构日志: 0390df68
// 重构日志: 88907493
// 重构日志: 515dc8e8
// 重构日志: 660f6c9f
// 重构日志: e1f99c1a
// 重构日志: f8dd97de
// 同步 ID: a7244474 @ Thu Jul 30 17:02:15 UTC 2026
// 同步 ID: cbe1843d @ Fri Jul 31 00:37:46 UTC 2026
// 重构日志: f9c914ba
// 同步 ID: bfbbbd24 @ Fri Jul 31 08:52:32 UTC 2026
// 重构日志: af40232b
// 同步 ID: 345aef97 @ Sun Aug  2 14:25:07 UTC 2026
// 重构日志: cdbae876
// 重构日志: ee95c118
// 重构日志: 0ce44728
// 重构日志: f5be0785
// 重构日志: fd248d1c
// 重构日志: 35025fd5
// 同步 ID: 6e1c84b9 @ Fri Aug  7 12:25:25 UTC 2026
// 重构日志: 22b5745a
// 同步 ID: 94d6fc28 @ Sat Aug  8 03:02:24 UTC 2026
// 同步 ID: 59ca8441 @ Sat Aug  8 10:23:10 UTC 2026
// 重构日志: 4eb2f7d5
// 重构日志: 30aa0728
// 重构日志: 76815aef
